// Jest Snapshot v1, https://goo.gl/fbAQLP

exports[`TabNav should match snapshot 1`] = `
<DocumentFragment>
  <div
    class="mt-auto nav nav-pills nav-fill nav-justified"
    data-testid="tab-nav"
    id="dashboard-nav"
  >
    <div
      class="nav-item"
    >
      <a
        class="h-100 nav-link"
        data-rr-ui-event-key="add-record"
        role="button"
        tabindex="0"
      >
        <i
          class="bi bi-plus-circle-fill fs-4 mb-1"
        />
        Add record.
      </a>
    </div>
    <div
      class="nav-item"
    >
      <a
        class="h-100 nav-link"
        data-rr-ui-event-key="records"
        role="button"
        tabindex="0"
      >
        <i
          class="bi bi-graph-up fs-4 mb-1"
        />
        Track.it
      </a>
    </div>
    <div
      class="nav-item"
    >
      <a
        class="h-100 nav-link"
        data-rr-ui-event-key="progress-report"
        role="button"
        tabindex="0"
      >
        <i
          class="bi bi-pie-chart-fill fs-4 mb-1"
        />
        Your progress
      </a>
    </div>
    <div
      class="nav-item"
    >
      <a
        class="h-100 nav-link"
        data-rr-ui-event-key="more"
        role="button"
        tabindex="0"
      >
        <i
          class="bi bi-three-dots fs-4 mb-1"
        />
        More
      </a>
    </div>
  </div>
</DocumentFragment>
`;
